../Core/Src/main.c:80:5:_write	24	static
../Core/Src/main.c:86:6:HAL_UART_RxCpltCallback	16	static
../Core/Src/main.c:113:5:main	8	static
../Core/Src/main.c:169:6:SystemClock_Config	104	static
../Core/Src/main.c:220:13:MX_ADC1_Init	48	static
../Core/Src/main.c:314:13:MX_ICACHE_Init	8	static
../Core/Src/main.c:346:13:MX_TIM1_Init	120	static
../Core/Src/main.c:432:13:MX_TIM4_Init	64	static
../Core/Src/main.c:495:13:MX_UART4_Init	8	static
../Core/Src/main.c:543:13:MX_USART2_UART_Init	8	static
../Core/Src/main.c:589:13:MX_DMA_Init	16	static
../Core/Src/main.c:608:13:MX_GPIO_Init	48	static
../Core/Src/main.c:693:6:Error_Handler	4	static,ignoring_inline_asm
