../Core/Src/main.c:80:5:_write	24	static
../Core/Src/main.c:97:6:HAL_UART_RxCpltCallback	16	static
../Core/Src/main.c:124:5:main	8	static
../Core/Src/main.c:180:6:SystemClock_Config	104	static
../Core/Src/main.c:231:13:MX_ADC1_Init	48	static
../Core/Src/main.c:325:13:MX_ICACHE_Init	8	static
../Core/Src/main.c:357:13:MX_TIM1_Init	120	static
../Core/Src/main.c:443:13:MX_TIM4_Init	64	static
../Core/Src/main.c:506:13:MX_UART4_Init	8	static
../Core/Src/main.c:554:13:MX_USART2_UART_Init	8	static
../Core/Src/main.c:600:13:MX_DMA_Init	16	static
../Core/Src/main.c:619:13:MX_GPIO_Init	40	static
../Core/Src/main.c:693:6:Error_Handler	4	static,ignoring_inline_asm
